Let set A = {a1}
The operation tables of the associative operations on set A are given by the matrices : 

a1 

The number of associative operations on set A is : 1