Let set A = {a1, a2, a3, a4, a5}
The operation tables of the associative operations on set A are given by the matrices : 

a1 a1 a1 a1 a1 
a1 a1 a1 a1 a1 
a1 a1 a1 a1 a1 
a1 a1 a1 a1 a1 
a1 a1 a1 a1 a1 

a1 a1 a1 a1 a1 
a1 a1 a1 a1 a1 
a1 a1 a1 a1 a1 
a1 a1 a1 a1 a1 
a1 a1 a1 a1 a2 

a1 a1 a1 a1 a1 
a1 a1 a1 a1 a1 
a1 a1 a1 a1 a1 
a1 a1 a1 a1 a1 
a1 a1 a1 a1 a3 

a1 a1 a1 a1 a1 
a1 a1 a1 a1 a1 
a1 a1 a1 a1 a1 
a1 a1 a1 a1 a1 
a1 a1 a1 a1 a4 

a1 a1 a1 a1 a1 
a1 a1 a1 a1 a1 
a1 a1 a1 a1 a1 
a1 a1 a1 a1 a1 
a1 a1 a1 a1 a5 

a1 a1 a1 a1 a1 
a1 a1 a1 a1 a1 
a1 a1 a1 a1 a1 
a1 a1 a1 a1 a1 
a1 a1 a1 a2 a1 

a1 a1 a1 a1 a1 
a1 a1 a1 a1 a1 
a1 a1 a1 a1 a1 
a1 a1 a1 a1 a1 
a1 a1 a1 a2 a2 

a1 a1 a1 a1 a1 
a1 a1 a1 a1 a1 
a1 a1 a1 a1 a1 
a1 a1 a1 a1 a1 
a1 a1 a1 a2 a3 

a1 a1 a1 a1 a1 
a1 a1 a1 a1 a1 
a1 a1 a1 a1 a1 
a1 a1 a1 a1 a1 
a1 a1 a1 a3 a1 

a1 a1 a1 a1 a1 
a1 a1 a1 a1 a1 
a1 a1 a1 a1 a1 
a1 a1 a1 a1 a1 
a1 a1 a1 a3 a2 

a1 a1 a1 a1 a1 
a1 a1 a1 a1 a1 
a1 a1 a1 a1 a1 
a1 a1 a1 a1 a1 
a1 a1 a1 a3 a3 

a1 a1 a1 a1 a1 
a1 a1 a1 a1 a1 
a1 a1 a1 a1 a1 
a1 a1 a1 a1 a1 
a1 a1 a1 a4 a5 

a1 a1 a1 a1 a1 
a1 a1 a1 a1 a1 
a1 a1 a1 a1 a1 
a1 a1 a1 a1 a1 
a1 a1 a2 a1 a1 

a1 a1 a1 a1 a1 
a1 a1 a1 a1 a1 
a1 a1 a1 a1 a1 
a1 a1 a1 a1 a1 
a1 a1 a2 a1 a2 

a1 a1 a1 a1 a1 
a1 a1 a1 a1 a1 
a1 a1 a1 a1 a1 
a1 a1 a1 a1 a1 
a1 a1 a2 a1 a4 

a1 a1 a1 a1 a1 
a1 a1 a1 a1 a1 
a1 a1 a1 a1 a1 
a1 a1 a1 a1 a1 
a1 a1 a2 a2 a1 

a1 a1 a1 a1 a1 
a1 a1 a1 a1 a1 
a1 a1 a1 a1 a1 
a1 a1 a1 a1 a1 
a1 a1 a2 a2 a2 

a1 a1 a1 a1 a1 
a1 a1 a1 a1 a1 
a1 a1 a1 a1 a1 
a1 a1 a1 a1 a1 
a1 a1 a3 a1 a5 

a1 a1 a1 a1 a1 
a1 a1 a1 a1 a1 
a1 a1 a1 a1 a1 
a1 a1 a1 a1 a1 
a1 a1 a3 a3 a5 

a1 a1 a1 a1 a1 
a1 a1 a1 a1 a1 
a1 a1 a1 a1 a1 
a1 a1 a1 a1 a1 
a1 a1 a3 a4 a5 

a1 a1 a1 a1 a1 
a1 a1 a1 a1 a1 
a1 a1 a1 a1 a1 
a1 a1 a1 a1 a1 
a1 a1 a4 a1 a1 

a1 a1 a1 a1 a1 
a1 a1 a1 a1 a1 
a1 a1 a1 a1 a1 
a1 a1 a1 a1 a1 
a1 a1 a4 a1 a2 

a1 a1 a1 a1 a1 
a1 a1 a1 a1 a1 
a1 a1 a1 a1 a1 
a1 a1 a1 a1 a1 
a1 a1 a4 a1 a4 

a1 a1 a1 a1 a1 
a1 a1 a1 a1 a1 
a1 a1 a1 a1 a1 
a1 a1 a1 a1 a1 
a1 a1 a4 a4 a5 

a1 a1 a1 a1 a1 
a1 a1 a1 a1 a1 
a1 a1 a1 a1 a1 
a1 a1 a1 a1 a1 
a1 a2 a1 a1 a5 

a1 a1 a1 a1 a1 
a1 a1 a1 a1 a1 
a1 a1 a1 a1 a1 
a1 a1 a1 a1 a1 
a1 a2 a1 a2 a5 

a1 a1 a1 a1 a1 
a1 a1 a1 a1 a1 
a1 a1 a1 a1 a1 
a1 a1 a1 a1 a1 
a1 a2 a1 a4 a5 

a1 a1 a1 a1 a1 
a1 a1 a1 a1 a1 
a1 a1 a1 a1 a1 
a1 a1 a1 a1 a1 
a1 a2 a2 a1 a5 

a1 a1 a1 a1 a1 
a1 a1 a1 a1 a1 
a1 a1 a1 a1 a1 
a1 a1 a1 a1 a1 
a1 a2 a2 a2 a5 

a1 a1 a1 a1 a1 
a1 a1 a1 a1 a1 
a1 a1 a1 a1 a1 
a1 a1 a1 a1 a1 
a1 a2 a2 a4 a5 

a1 a1 a1 a1 a1 
a1 a1 a1 a1 a1 
a1 a1 a1 a1 a1 
a1 a1 a1 a1 a1 
a1 a2 a3 a1 a5 

a1 a1 a1 a1 a1 
a1 a1 a1 a1 a1 
a1 a1 a1 a1 a1 
a1 a1 a1 a1 a1 
a1 a2 a3 a2 a5 

a1 a1 a1 a1 a1 
a1 a1 a1 a1 a1 
a1 a1 a1 a1 a1 
a1 a1 a1 a1 a1 
a1 a2 a3 a3 a5 

a1 a1 a1 a1 a1 
a1 a1 a1 a1 a1 
a1 a1 a1 a1 a1 
a1 a1 a1 a1 a1 
a1 a2 a3 a4 a5 

a1 a1 a1 a1 a1 
a1 a1 a1 a1 a1 
a1 a1 a1 a1 a1 
a1 a1 a1 a1 a1 
a1 a2 a4 a4 a5 

a1 a1 a1 a1 a1 
a1 a1 a1 a1 a1 
a1 a1 a1 a1 a1 
a1 a1 a1 a1 a1 
a1 a3 a1 a1 a1 

a1 a1 a1 a1 a1 
a1 a1 a1 a1 a1 
a1 a1 a1 a1 a1 
a1 a1 a1 a1 a1 
a1 a3 a1 a1 a3 

a1 a1 a1 a1 a1 
a1 a1 a1 a1 a1 
a1 a1 a1 a1 a1 
a1 a1 a1 a1 a1 
a1 a3 a1 a1 a4 

a1 a1 a1 a1 a1 
a1 a1 a1 a1 a1 
a1 a1 a1 a1 a1 
a1 a1 a1 a1 a1 
a1 a3 a1 a3 a1 

a1 a1 a1 a1 a1 
a1 a1 a1 a1 a1 
a1 a1 a1 a1 a1 
a1 a1 a1 a1 a1 
a1 a3 a1 a3 a3 

a1 a1 a1 a1 a1 
a1 a1 a1 a1 a1 
a1 a1 a1 a1 a1 
a1 a1 a1 a1 a1 
a1 a3 a3 a1 a5 

a1 a1 a1 a1 a1 
a1 a1 a1 a1 a1 
a1 a1 a1 a1 a1 
a1 a1 a1 a1 a1 
a1 a3 a3 a3 a5 

a1 a1 a1 a1 a1 
a1 a1 a1 a1 a1 
a1 a1 a1 a1 a1 
a1 a1 a1 a1 a1 
a1 a3 a3 a4 a5 

a1 a1 a1 a1 a1 
a1 a1 a1 a1 a1 
a1 a1 a1 a1 a1 
a1 a1 a1 a1 a1 
a1 a4 a1 a1 a1 

a1 a1 a1 a1 a1 
a1 a1 a1 a1 a1 
a1 a1 a1 a1 a1 
a1 a1 a1 a1 a1 
a1 a4 a1 a1 a3 

a1 a1 a1 a1 a1 
a1 a1 a1 a1 a1 
a1 a1 a1 a1 a1 
a1 a1 a1 a1 a1 
a1 a4 a1 a1 a4 

a1 a1 a1 a1 a1 
a1 a1 a1 a1 a1 
a1 a1 a1 a1 a1 
a1 a1 a1 a1 a1 
a1 a4 a1 a4 a5 

a1 a1 a1 a1 a1 
a1 a1 a1 a1 a1 
a1 a1 a1 a1 a1 
a1 a1 a1 a1 a1 
a1 a4 a3 a4 a5 

a1 a1 a1 a1 a1 
a1 a1 a1 a1 a1 
a1 a1 a1 a1 a1 
a1 a1 a1 a1 a1 
a1 a4 a4 a1 a1 

a1 a1 a1 a1 a1 
a1 a1 a1 a1 a1 
a1 a1 a1 a1 a1 
a1 a1 a1 a1 a1 
a1 a4 a4 a1 a4 

a1 a1 a1 a1 a1 
a1 a1 a1 a1 a1 
a1 a1 a1 a1 a1 
a1 a1 a1 a1 a1 
a1 a4 a4 a4 a5 

a1 a1 a1 a1 a1 
a1 a1 a1 a1 a1 
a1 a1 a1 a1 a1 
a1 a1 a1 a1 a1 
a5 a5 a5 a5 a5 

a1 a1 a1 a1 a1 
a1 a1 a1 a1 a1 
a1 a1 a1 a1 a1 
a1 a1 a1 a1 a2 
a1 a1 a1 a1 a1 

a1 a1 a1 a1 a1 
a1 a1 a1 a1 a1 
a1 a1 a1 a1 a1 
a1 a1 a1 a1 a2 
a1 a1 a1 a1 a2 

a1 a1 a1 a1 a1 
a1 a1 a1 a1 a1 
a1 a1 a1 a1 a1 
a1 a1 a1 a1 a2 
a1 a1 a1 a1 a3 

a1 a1 a1 a1 a1 
a1 a1 a1 a1 a1 
a1 a1 a1 a1 a1 
a1 a1 a1 a1 a2 
a1 a1 a1 a2 a1 

a1 a1 a1 a1 a1 
a1 a1 a1 a1 a1 
a1 a1 a1 a1 a1 
a1 a1 a1 a1 a2 
a1 a1 a1 a2 a2 

a1 a1 a1 a1 a1 
a1 a1 a1 a1 a1 
a1 a1 a1 a1 a1 
a1 a1 a1 a1 a2 
a1 a1 a1 a2 a3 

a1 a1 a1 a1 a1 
a1 a1 a1 a1 a1 
a1 a1 a1 a1 a1 
a1 a1 a1 a1 a2 
a1 a1 a1 a2 a4 

a1 a1 a1 a1 a1 
a1 a1 a1 a1 a1 
a1 a1 a1 a1 a1 
a1 a1 a1 a1 a2 
a1 a1 a1 a3 a1 

a1 a1 a1 a1 a1 
a1 a1 a1 a1 a1 
a1 a1 a1 a1 a1 
a1 a1 a1 a1 a2 
a1 a1 a1 a3 a2 

a1 a1 a1 a1 a1 
a1 a1 a1 a1 a1 
a1 a1 a1 a1 a1 
a1 a1 a1 a1 a2 
a1 a1 a1 a3 a3 

a1 a1 a1 a1 a1 
a1 a1 a1 a1 a1 
a1 a1 a1 a1 a1 
a1 a1 a1 a1 a2 
a1 a1 a2 a1 a1 

a1 a1 a1 a1 a1 
a1 a1 a1 a1 a1 
a1 a1 a1 a1 a1 
a1 a1 a1 a1 a2 
a1 a1 a2 a1 a2 

a1 a1 a1 a1 a1 
a1 a1 a1 a1 a1 
a1 a1 a1 a1 a1 
a1 a1 a1 a1 a2 
a1 a1 a2 a2 a1 

a1 a1 a1 a1 a1 
a1 a1 a1 a1 a1 
a1 a1 a1 a1 a1 
a1 a1 a1 a1 a2 
a1 a1 a2 a2 a2 

a1 a1 a1 a1 a1 
a1 a1 a1 a1 a1 
a1 a1 a1 a1 a1 
a1 a1 a1 a1 a2 
a1 a1 a2 a2 a4 

a1 a1 a1 a1 a1 
a1 a1 a1 a1 a1 
a1 a1 a1 a1 a1 
a1 a1 a1 a1 a3 
a1 a1 a1 a1 a1 

a1 a1 a1 a1 a1 
a1 a1 a1 a1 a1 
a1 a1 a1 a1 a1 
a1 a1 a1 a1 a3 
a1 a1 a1 a1 a2 

a1 a1 a1 a1 a1 
a1 a1 a1 a1 a1 
a1 a1 a1 a1 a1 
a1 a1 a1 a1 a3 
a1 a1 a1 a1 a3 

a1 a1 a1 a1 a1 
a1 a1 a1 a1 a1 
a1 a1 a1 a1 a1 
a1 a1 a1 a1 a3 
a1 a1 a1 a2 a1 

a1 a1 a1 a1 a1 
a1 a1 a1 a1 a1 
a1 a1 a1 a1 a1 
a1 a1 a1 a1 a3 
a1 a1 a1 a2 a2 

a1 a1 a1 a1 a1 
a1 a1 a1 a1 a1 
a1 a1 a1 a1 a1 
a1 a1 a1 a1 a3 
a1 a1 a1 a2 a3 

a1 a1 a1 a1 a1 
a1 a1 a1 a1 a1 
a1 a1 a1 a1 a1 
a1 a1 a1 a1 a3 
a1 a1 a1 a3 a1 

a1 a1 a1 a1 a1 
a1 a1 a1 a1 a1 
a1 a1 a1 a1 a1 
a1 a1 a1 a1 a3 
a1 a1 a1 a3 a2 

a1 a1 a1 a1 a1 
a1 a1 a1 a1 a1 
a1 a1 a1 a1 a1 
a1 a1 a1 a1 a3 
a1 a1 a1 a3 a3 

a1 a1 a1 a1 a1 
a1 a1 a1 a1 a1 
a1 a1 a1 a1 a1 
a1 a1 a1 a1 a3 
a1 a1 a1 a3 a4 

a1 a1 a1 a1 a1 
a1 a1 a1 a1 a1 
a1 a1 a1 a1 a1 
a1 a1 a1 a1 a3 
a1 a3 a1 a1 a1 

a1 a1 a1 a1 a1 
a1 a1 a1 a1 a1 
a1 a1 a1 a1 a1 
a1 a1 a1 a1 a3 
a1 a3 a1 a1 a3 

a1 a1 a1 a1 a1 
a1 a1 a1 a1 a1 
a1 a1 a1 a1 a1 
a1 a1 a1 a1 a3 
a1 a3 a1 a3 a1 

a1 a1 a1 a1 a1 
a1 a1 a1 a1 a1 
a1 a1 a1 a1 a1 
a1 a1 a1 a1 a3 
a1 a3 a1 a3 a3 

a1 a1 a1 a1 a1 
a1 a1 a1 a1 a1 
a1 a1 a1 a1 a1 
a1 a1 a1 a1 a3 
a1 a3 a1 a3 a4 

a1 a1 a1 a1 a1 
a1 a1 a1 a1 a1 
a1 a1 a1 a1 a1 
a1 a1 a1 a1 a4 
a1 a1 a1 a1 a5 

a1 a1 a1 a1 a1 
a1 a1 a1 a1 a1 
a1 a1 a1 a1 a1 
a1 a1 a1 a1 a4 
a1 a1 a1 a4 a5 

a1 a1 a1 a1 a1 
a1 a1 a1 a1 a1 
a1 a1 a1 a1 a1 
a1 a1 a1 a1 a4 
a1 a1 a3 a1 a5 

a1 a1 a1 a1 a1 
a1 a1 a1 a1 a1 
a1 a1 a1 a1 a1 
a1 a1 a1 a1 a4 
a1 a1 a3 a4 a5 

a1 a1 a1 a1 a1 
a1 a1 a1 a1 a1 
a1 a1 a1 a1 a1 
a1 a1 a1 a1 a4 
a1 a2 a1 a1 a5 

a1 a1 a1 a1 a1 
a1 a1 a1 a1 a1 
a1 a1 a1 a1 a1 
a1 a1 a1 a1 a4 
a1 a2 a1 a4 a5 

a1 a1 a1 a1 a1 
a1 a1 a1 a1 a1 
a1 a1 a1 a1 a1 
a1 a1 a1 a1 a4 
a1 a2 a2 a1 a5 

a1 a1 a1 a1 a1 
a1 a1 a1 a1 a1 
a1 a1 a1 a1 a1 
a1 a1 a1 a1 a4 
a1 a2 a2 a4 a5 

a1 a1 a1 a1 a1 
a1 a1 a1 a1 a1 
a1 a1 a1 a1 a1 
a1 a1 a1 a1 a4 
a1 a2 a3 a1 a5 

a1 a1 a1 a1 a1 
a1 a1 a1 a1 a1 
a1 a1 a1 a1 a1 
a1 a1 a1 a1 a4 
a1 a2 a3 a4 a5 

a1 a1 a1 a1 a1 
a1 a1 a1 a1 a1 
a1 a1 a1 a1 a1 
a1 a1 a1 a1 a4 
a1 a3 a3 a1 a5 

a1 a1 a1 a1 a1 
a1 a1 a1 a1 a1 
a1 a1 a1 a1 a1 
a1 a1 a1 a1 a4 
a1 a3 a3 a4 a5 

a1 a1 a1 a1 a1 
a1 a1 a1 a1 a1 
a1 a1 a1 a1 a1 
a1 a1 a1 a2 a1 
a1 a1 a1 a1 a1 

a1 a1 a1 a1 a1 
a1 a1 a1 a1 a1 
a1 a1 a1 a1 a1 
a1 a1 a1 a2 a1 
a1 a1 a1 a1 a2 

a1 a1 a1 a1 a1 
a1 a1 a1 a1 a1 
a1 a1 a1 a1 a1 
a1 a1 a1 a2 a1 
a1 a1 a1 a1 a3 

a1 a1 a1 a1 a1 
a1 a1 a1 a1 a1 
a1 a1 a1 a1 a1 
a1 a1 a1 a2 a1 
a1 a1 a1 a1 a5 

a1 a1 a1 a1 a1 
a1 a1 a1 a1 a1 
a1 a1 a1 a1 a1 
a1 a1 a1 a2 a1 
a1 a1 a1 a2 a1 

a1 a1 a1 a1 a1 
a1 a1 a1 a1 a1 
a1 a1 a1 a1 a1 
a1 a1 a1 a2 a1 
a1 a1 a1 a2 a2 

a1 a1 a1 a1 a1 
a1 a1 a1 a1 a1 
a1 a1 a1 a1 a1 
a1 a1 a1 a2 a1 
a1 a1 a1 a2 a3 

a1 a1 a1 a1 a1 
a1 a1 a1 a1 a1 
a1 a1 a1 a1 a1 
a1 a1 a1 a2 a1 
a1 a1 a1 a3 a1 

a1 a1 a1 a1 a1 
a1 a1 a1 a1 a1 
a1 a1 a1 a1 a1 
a1 a1 a1 a2 a1 
a1 a1 a1 a3 a2 

a1 a1 a1 a1 a1 
a1 a1 a1 a1 a1 
a1 a1 a1 a1 a1 
a1 a1 a1 a2 a1 
a1 a1 a1 a3 a3 

a1 a1 a1 a1 a1 
a1 a1 a1 a1 a1 
a1 a1 a1 a1 a1 
a1 a1 a1 a2 a1 
a1 a1 a2 a1 a1 

a1 a1 a1 a1 a1 
a1 a1 a1 a1 a1 
a1 a1 a1 a1 a1 
a1 a1 a1 a2 a1 
a1 a1 a2 a1 a2 

a1 a1 a1 a1 a1 
a1 a1 a1 a1 a1 
a1 a1 a1 a1 a1 
a1 a1 a1 a2 a1 
a1 a1 a2 a2 a1 

a1 a1 a1 a1 a1 
a1 a1 a1 a1 a1 
a1 a1 a1 a1 a1 
a1 a1 a1 a2 a1 
a1 a1 a2 a2 a2 

a1 a1 a1 a1 a1 
a1 a1 a1 a1 a1 
a1 a1 a1 a1 a1 
a1 a1 a1 a2 a1 
a1 a1 a3 a1 a5 

a1 a1 a1 a1 a1 
a1 a1 a1 a1 a1 
a1 a1 a1 a1 a1 
a1 a1 a1 a2 a1 
a1 a1 a3 a3 a5 

a1 a1 a1 a1 a1 
a1 a1 a1 a1 a1 
a1 a1 a1 a1 a1 
a1 a1 a1 a2 a1 
a5 a5 a5 a5 a5 

a1 a1 a1 a1 a1 
a1 a1 a1 a1 a1 
a1 a1 a1 a1 a1 
a1 a1 a1 a2 a2 
a1 a1 a1 a1 a1 

a1 a1 a1 a1 a1 
a1 a1 a1 a1 a1 
a1 a1 a1 a1 a1 
a1 a1 a1 a2 a2 
a1 a1 a1 a1 a2 

a1 a1 a1 a1 a1 
a1 a1 a1 a1 a1 
a1 a1 a1 a1 a1 
a1 a1 a1 a2 a2 
a1 a1 a1 a1 a3 

a1 a1 a1 a1 a1 
a1 a1 a1 a1 a1 
a1 a1 a1 a1 a1 
a1 a1 a1 a2 a2 
a1 a1 a1 a2 a1 

a1 a1 a1 a1 a1 
a1 a1 a1 a1 a1 
a1 a1 a1 a1 a1 
a1 a1 a1 a2 a2 
a1 a1 a1 a2 a2 

a1 a1 a1 a1 a1 
a1 a1 a1 a1 a1 
a1 a1 a1 a1 a1 
a1 a1 a1 a2 a2 
a1 a1 a1 a2 a3 

a1 a1 a1 a1 a1 
a1 a1 a1 a1 a1 
a1 a1 a1 a1 a1 
a1 a1 a1 a2 a2 
a1 a1 a1 a3 a1 

a1 a1 a1 a1 a1 
a1 a1 a1 a1 a1 
a1 a1 a1 a1 a1 
a1 a1 a1 a2 a2 
a1 a1 a1 a3 a2 

a1 a1 a1 a1 a1 
a1 a1 a1 a1 a1 
a1 a1 a1 a1 a1 
a1 a1 a1 a2 a2 
a1 a1 a1 a3 a3 

a1 a1 a1 a1 a1 
a1 a1 a1 a1 a1 
a1 a1 a1 a1 a1 
a1 a1 a1 a2 a2 
a1 a1 a2 a1 a1 

a1 a1 a1 a1 a1 
a1 a1 a1 a1 a1 
a1 a1 a1 a1 a1 
a1 a1 a1 a2 a2 
a1 a1 a2 a1 a2 

a1 a1 a1 a1 a1 
a1 a1 a1 a1 a1 
a1 a1 a1 a1 a1 
a1 a1 a1 a2 a2 
a1 a1 a2 a2 a1 

a1 a1 a1 a1 a1 
a1 a1 a1 a1 a1 
a1 a1 a1 a1 a1 
a1 a1 a1 a2 a2 
a1 a1 a2 a2 a2 

a1 a1 a1 a1 a1 
a1 a1 a1 a1 a1 
a1 a1 a1 a1 a1 
a1 a1 a1 a2 a3 
a1 a1 a1 a1 a1 

a1 a1 a1 a1 a1 
a1 a1 a1 a1 a1 
a1 a1 a1 a1 a1 
a1 a1 a1 a2 a3 
a1 a1 a1 a1 a2 

a1 a1 a1 a1 a1 
a1 a1 a1 a1 a1 
a1 a1 a1 a1 a1 
a1 a1 a1 a2 a3 
a1 a1 a1 a1 a3 

a1 a1 a1 a1 a1 
a1 a1 a1 a1 a1 
a1 a1 a1 a1 a1 
a1 a1 a1 a2 a3 
a1 a1 a1 a2 a1 

a1 a1 a1 a1 a1 
a1 a1 a1 a1 a1 
a1 a1 a1 a1 a1 
a1 a1 a1 a2 a3 
a1 a1 a1 a2 a2 

a1 a1 a1 a1 a1 
a1 a1 a1 a1 a1 
a1 a1 a1 a1 a1 
a1 a1 a1 a2 a3 
a1 a1 a1 a2 a3 

a1 a1 a1 a1 a1 
a1 a1 a1 a1 a1 
a1 a1 a1 a1 a1 
a1 a1 a1 a2 a3 
a1 a1 a1 a3 a1 

a1 a1 a1 a1 a1 
a1 a1 a1 a1 a1 
a1 a1 a1 a1 a1 
a1 a1 a1 a2 a3 
a1 a1 a1 a3 a2 

a1 a1 a1 a1 a1 
a1 a1 a1 a1 a1 
a1 a1 a1 a1 a1 
a1 a1 a1 a2 a3 
a1 a1 a1 a3 a3 

a1 a1 a1 a1 a1 
a1 a1 a1 a1 a1 
a1 a1 a1 a1 a1 
a1 a1 a1 a3 a1 
a1 a1 a1 a1 a1 

a1 a1 a1 a1 a1 
a1 a1 a1 a1 a1 
a1 a1 a1 a1 a1 
a1 a1 a1 a3 a1 
a1 a1 a1 a1 a2 

a1 a1 a1 a1 a1 
a1 a1 a1 a1 a1 
a1 a1 a1 a1 a1 
a1 a1 a1 a3 a1 
a1 a1 a1 a1 a3 

a1 a1 a1 a1 a1 
a1 a1 a1 a1 a1 
a1 a1 a1 a1 a1 
a1 a1 a1 a3 a1 
a1 a1 a1 a1 a5 

a1 a1 a1 a1 a1 
a1 a1 a1 a1 a1 
a1 a1 a1 a1 a1 
a1 a1 a1 a3 a1 
a1 a1 a1 a2 a1 

a1 a1 a1 a1 a1 
a1 a1 a1 a1 a1 
a1 a1 a1 a1 a1 
a1 a1 a1 a3 a1 
a1 a1 a1 a2 a2 

a1 a1 a1 a1 a1 
a1 a1 a1 a1 a1 
a1 a1 a1 a1 a1 
a1 a1 a1 a3 a1 
a1 a1 a1 a2 a3 

a1 a1 a1 a1 a1 
a1 a1 a1 a1 a1 
a1 a1 a1 a1 a1 
a1 a1 a1 a3 a1 
a1 a1 a1 a3 a1 

a1 a1 a1 a1 a1 
a1 a1 a1 a1 a1 
a1 a1 a1 a1 a1 
a1 a1 a1 a3 a1 
a1 a1 a1 a3 a2 

a1 a1 a1 a1 a1 
a1 a1 a1 a1 a1 
a1 a1 a1 a1 a1 
a1 a1 a1 a3 a1 
a1 a1 a1 a3 a3 

a1 a1 a1 a1 a1 
a1 a1 a1 a1 a1 
a1 a1 a1 a1 a1 
a1 a1 a1 a3 a1 
a1 a2 a1 a1 a5 

a1 a1 a1 a1 a1 
a1 a1 a1 a1 a1 
a1 a1 a1 a1 a1 
a1 a1 a1 a3 a1 
a1 a2 a1 a2 a5 

a1 a1 a1 a1 a1 
a1 a1 a1 a1 a1 
a1 a1 a1 a1 a1 
a1 a1 a1 a3 a1 
a1 a3 a1 a1 a1 

a1 a1 a1 a1 a1 
a1 a1 a1 a1 a1 
a1 a1 a1 a1 a1 
a1 a1 a1 a3 a1 
a1 a3 a1 a1 a3 

a1 a1 a1 a1 a1 
a1 a1 a1 a1 a1 
a1 a1 a1 a1 a1 
a1 a1 a1 a3 a1 
a1 a3 a1 a3 a1 

a1 a1 a1 a1 a1 
a1 a1 a1 a1 a1 
a1 a1 a1 a1 a1 
a1 a1 a1 a3 a1 
a1 a3 a1 a3 a3 

a1 a1 a1 a1 a1 
a1 a1 a1 a1 a1 
a1 a1 a1 a1 a1 
a1 a1 a1 a3 a1 
a5 a5 a5 a5 a5 

a1 a1 a1 a1 a1 
a1 a1 a1 a1 a1 
a1 a1 a1 a1 a1 
a1 a1 a1 a3 a2 
a1 a1 a1 a1 a1 

a1 a1 a1 a1 a1 
a1 a1 a1 a1 a1 
a1 a1 a1 a1 a1 
a1 a1 a1 a3 a2 
a1 a1 a1 a1 a2 

a1 a1 a1 a1 a1 
a1 a1 a1 a1 a1 
a1 a1 a1 a1 a1 
a1 a1 a1 a3 a2 
a1 a1 a1 a1 a3 

a1 a1 a1 a1 a1 
a1 a1 a1 a1 a1 
a1 a1 a1 a1 a1 
a1 a1 a1 a3 a2 
a1 a1 a1 a2 a1 

a1 a1 a1 a1 a1 
a1 a1 a1 a1 a1 
a1 a1 a1 a1 a1 
a1 a1 a1 a3 a2 
a1 a1 a1 a2 a2 

a1 a1 a1 a1 a1 
a1 a1 a1 a1 a1 
a1 a1 a1 a1 a1 
a1 a1 a1 a3 a2 
a1 a1 a1 a2 a3 

a1 a1 a1 a1 a1 
a1 a1 a1 a1 a1 
a1 a1 a1 a1 a1 
a1 a1 a1 a3 a2 
a1 a1 a1 a3 a1 

a1 a1 a1 a1 a1 
a1 a1 a1 a1 a1 
a1 a1 a1 a1 a1 
a1 a1 a1 a3 a2 
a1 a1 a1 a3 a2 

a1 a1 a1 a1 a1 
a1 a1 a1 a1 a1 
a1 a1 a1 a1 a1 
a1 a1 a1 a3 a2 
a1 a1 a1 a3 a3 

a1 a1 a1 a1 a1 
a1 a1 a1 a1 a1 
a1 a1 a1 a1 a1 
a1 a1 a1 a3 a3 
a1 a1 a1 a1 a1 

a1 a1 a1 a1 a1 
a1 a1 a1 a1 a1 
a1 a1 a1 a1 a1 
a1 a1 a1 a3 a3 
a1 a1 a1 a1 a2 

a1 a1 a1 a1 a1 
a1 a1 a1 a1 a1 
a1 a1 a1 a1 a1 
a1 a1 a1 a3 a3 
a1 a1 a1 a1 a3 

a1 a1 a1 a1 a1 
a1 a1 a1 a1 a1 
a1 a1 a1 a1 a1 
a1 a1 a1 a3 a3 
a1 a1 a1 a2 a1 

a1 a1 a1 a1 a1 
a1 a1 a1 a1 a1 
a1 a1 a1 a1 a1 
a1 a1 a1 a3 a3 
a1 a1 a1 a2 a2 

a1 a1 a1 a1 a1 
a1 a1 a1 a1 a1 
a1 a1 a1 a1 a1 
a1 a1 a1 a3 a3 
a1 a1 a1 a2 a3 

a1 a1 a1 a1 a1 
a1 a1 a1 a1 a1 
a1 a1 a1 a1 a1 
a1 a1 a1 a3 a3 
a1 a1 a1 a3 a1 

a1 a1 a1 a1 a1 
a1 a1 a1 a1 a1 
a1 a1 a1 a1 a1 
a1 a1 a1 a3 a3 
a1 a1 a1 a3 a2 

a1 a1 a1 a1 a1 
a1 a1 a1 a1 a1 
a1 a1 a1 a1 a1 
a1 a1 a1 a3 a3 
a1 a1 a1 a3 a3 

a1 a1 a1 a1 a1 
a1 a1 a1 a1 a1 
a1 a1 a1 a1 a1 
a1 a1 a1 a3 a3 
a1 a3 a1 a1 a1 

a1 a1 a1 a1 a1 
a1 a1 a1 a1 a1 
a1 a1 a1 a1 a1 
a1 a1 a1 a3 a3 
a1 a3 a1 a1 a3 

a1 a1 a1 a1 a1 
a1 a1 a1 a1 a1 
a1 a1 a1 a1 a1 
a1 a1 a1 a3 a3 
a1 a3 a1 a3 a1 

a1 a1 a1 a1 a1 
a1 a1 a1 a1 a1 
a1 a1 a1 a1 a1 
a1 a1 a1 a3 a3 
a1 a3 a1 a3 a3 

a1 a1 a1 a1 a1 
a1 a1 a1 a1 a1 
a1 a1 a1 a1 a1 
a1 a1 a1 a4 a1 
a1 a1 a1 a1 a1 

a1 a1 a1 a1 a1 
a1 a1 a1 a1 a1 
a1 a1 a1 a1 a1 
a1 a1 a1 a4 a1 
a1 a1 a1 a1 a2 

a1 a1 a1 a1 a1 
a1 a1 a1 a1 a1 
a1 a1 a1 a1 a1 
a1 a1 a1 a4 a1 
a1 a1 a1 a1 a3 

a1 a1 a1 a1 a1 
a1 a1 a1 a1 a1 
a1 a1 a1 a1 a1 
a1 a1 a1 a4 a1 
a1 a1 a1 a1 a5 

a1 a1 a1 a1 a1 
a1 a1 a1 a1 a1 
a1 a1 a1 a1 a1 
a1 a1 a1 a4 a1 
a1 a1 a1 a5 a1 

a1 a1 a1 a1 a1 
a1 a1 a1 a1 a1 
a1 a1 a1 a1 a1 
a1 a1 a1 a4 a1 
a1 a1 a2 a1 a1 

a1 a1 a1 a1 a1 
a1 a1 a1 a1 a1 
a1 a1 a1 a1 a1 
a1 a1 a1 a4 a1 
a1 a1 a2 a1 a2 

a1 a1 a1 a1 a1 
a1 a1 a1 a1 a1 
a1 a1 a1 a1 a1 
a1 a1 a1 a4 a1 
a1 a1 a3 a1 a5 

a1 a1 a1 a1 a1 
a1 a1 a1 a1 a1 
a1 a1 a1 a1 a1 
a1 a1 a1 a4 a1 
a1 a2 a1 a1 a5 

a1 a1 a1 a1 a1 
a1 a1 a1 a1 a1 
a1 a1 a1 a1 a1 
a1 a1 a1 a4 a1 
a1 a2 a2 a1 a5 

a1 a1 a1 a1 a1 
a1 a1 a1 a1 a1 
a1 a1 a1 a1 a1 
a1 a1 a1 a4 a1 
a1 a2 a3 a1 a5 

a1 a1 a1 a1 a1 
a1 a1 a1 a1 a1 
a1 a1 a1 a1 a1 
a1 a1 a1 a4 a1 
a1 a3 a1 a1 a1 

a1 a1 a1 a1 a1 
a1 a1 a1 a1 a1 
a1 a1 a1 a1 a1 
a1 a1 a1 a4 a1 
a1 a3 a1 a1 a3 

a1 a1 a1 a1 a1 
a1 a1 a1 a1 a1 
a1 a1 a1 a1 a1 
a1 a1 a1 a4 a1 
a1 a3 a3 a1 a5 

a1 a1 a1 a1 a1 
a1 a1 a1 a1 a1 
a1 a1 a1 a1 a1 
a1 a1 a1 a4 a1 
a5 a5 a5 a5 a5 

a1 a1 a1 a1 a1 
a1 a1 a1 a1 a1 
a1 a1 a1 a1 a1 
a1 a1 a1 a4 a4 
a1 a1 a1 a4 a4 

a1 a1 a1 a1 a1 
a1 a1 a1 a1 a1 
a1 a1 a1 a1 a1 
a1 a1 a1 a4 a4 
a1 a1 a1 a4 a5 

a1 a1 a1 a1 a1 
a1 a1 a1 a1 a1 
a1 a1 a1 a1 a1 
a1 a1 a1 a4 a4 
a1 a1 a1 a5 a5 

a1 a1 a1 a1 a1 
a1 a1 a1 a1 a1 
a1 a1 a1 a1 a1 
a1 a1 a1 a4 a4 
a1 a1 a2 a4 a4 

a1 a1 a1 a1 a1 
a1 a1 a1 a1 a1 
a1 a1 a1 a1 a1 
a1 a1 a1 a4 a4 
a1 a1 a3 a4 a5 

a1 a1 a1 a1 a1 
a1 a1 a1 a1 a1 
a1 a1 a1 a1 a1 
a1 a1 a1 a4 a4 
a1 a2 a1 a4 a5 

a1 a1 a1 a1 a1 
a1 a1 a1 a1 a1 
a1 a1 a1 a1 a1 
a1 a1 a1 a4 a4 
a1 a2 a2 a4 a5 

a1 a1 a1 a1 a1 
a1 a1 a1 a1 a1 
a1 a1 a1 a1 a1 
a1 a1 a1 a4 a4 
a1 a2 a3 a4 a5 

a1 a1 a1 a1 a1 
a1 a1 a1 a1 a1 
a1 a1 a1 a1 a1 
a1 a1 a1 a4 a4 
a1 a3 a1 a4 a4 

a1 a1 a1 a1 a1 
a1 a1 a1 a1 a1 
a1 a1 a1 a1 a1 
a1 a1 a1 a4 a4 
a1 a3 a3 a4 a5 

a1 a1 a1 a1 a1 
a1 a1 a1 a1 a1 
a1 a1 a1 a1 a1 
a1 a1 a1 a4 a5 
a1 a1 a1 a1 a1 

a1 a1 a1 a1 a1 
a1 a1 a1 a1 a1 
a1 a1 a1 a1 a1 
a1 a1 a1 a4 a5 
a1 a1 a1 a4 a5 

a1 a1 a1 a1 a1 
a1 a1 a1 a1 a1 
a1 a1 a1 a1 a1 
a1 a1 a1 a4 a5 
a1 a1 a1 a5 a1 

a1 a1 a1 a1 a1 
a1 a1 a1 a1 a1 
a1 a1 a1 a1 a1 
a1 a1 a1 a4 a5 
a1 a1 a1 a5 a4 

a1 a1 a1 a1 a1 
a1 a1 a1 a1 a1 
a1 a1 a1 a1 a1 
a1 a1 a1 a4 a5 
a1 a1 a1 a5 a5 

a1 a1 a1 a1 a1 
a1 a1 a1 a1 a1 
a1 a1 a1 a1 a1 
a1 a1 a1 a4 a5 
a5 a5 a5 a5 a5 

a1 a1 a1 a1 a1 
a1 a1 a1 a1 a1 
a1 a1 a1 a1 a1 
a1 a1 a1 a5 a1 
a1 a1 a1 a1 a1 

a1 a1 a1 a1 a1 
a1 a1 a1 a1 a1 
a1 a1 a1 a1 a1 
a1 a1 a1 a5 a2 
a1 a1 a1 a2 a1 

a1 a1 a1 a1 a1 
a1 a1 a1 a1 a1 
a1 a1 a1 a1 a1 
a1 a1 a1 a5 a3 
a1 a1 a1 a3 a1 

a1 a1 a1 a1 a1 
a1 a1 a1 a1 a1 
a1 a1 a1 a1 a1 
a1 a1 a1 a5 a4 
a1 a1 a1 a4 a5 

a1 a1 a1 a1 a1 
a1 a1 a1 a1 a1 
a1 a1 a1 a1 a1 
a1 a1 a1 a5 a5 
a1 a1 a1 a5 a5 

a1 a1 a1 a1 a1 
a1 a1 a1 a1 a1 
a1 a1 a1 a1 a1 
a1 a1 a2 a1 a1 
a1 a1 a1 a1 a1 

a1 a1 a1 a1 a1 
a1 a1 a1 a1 a1 
a1 a1 a1 a1 a1 
a1 a1 a2 a1 a1 
a1 a1 a1 a1 a2 

a1 a1 a1 a1 a1 
a1 a1 a1 a1 a1 
a1 a1 a1 a1 a1 
a1 a1 a2 a1 a1 
a1 a1 a1 a1 a5 

a1 a1 a1 a1 a1 
a1 a1 a1 a1 a1 
a1 a1 a1 a1 a1 
a1 a1 a2 a1 a1 
a1 a1 a1 a2 a1 

a1 a1 a1 a1 a1 
a1 a1 a1 a1 a1 
a1 a1 a1 a1 a1 
a1 a1 a2 a1 a1 
a1 a1 a1 a2 a2 

a1 a1 a1 a1 a1 
a1 a1 a1 a1 a1 
a1 a1 a1 a1 a1 
a1 a1 a2 a1 a1 
a1 a1 a2 a1 a1 

a1 a1 a1 a1 a1 
a1 a1 a1 a1 a1 
a1 a1 a1 a1 a1 
a1 a1 a2 a1 a1 
a1 a1 a2 a1 a2 

a1 a1 a1 a1 a1 
a1 a1 a1 a1 a1 
a1 a1 a1 a1 a1 
a1 a1 a2 a1 a1 
a1 a1 a2 a2 a1 

a1 a1 a1 a1 a1 
a1 a1 a1 a1 a1 
a1 a1 a1 a1 a1 
a1 a1 a2 a1 a1 
a1 a1 a2 a2 a2 

a1 a1 a1 a1 a1 
a1 a1 a1 a1 a1 
a1 a1 a1 a1 a1 
a1 a1 a2 a1 a1 
a1 a2 a1 a4 a5 

a1 a1 a1 a1 a1 
a1 a1 a1 a1 a1 
a1 a1 a1 a1 a1 
a1 a1 a2 a1 a1 
a1 a2 a2 a4 a5 

a1 a1 a1 a1 a1 
a1 a1 a1 a1 a1 
a1 a1 a1 a1 a1 
a1 a1 a2 a1 a1 
a5 a5 a5 a5 a5 

a1 a1 a1 a1 a1 
a1 a1 a1 a1 a1 
a1 a1 a1 a1 a1 
a1 a1 a2 a1 a2 
a1 a1 a1 a1 a1 

a1 a1 a1 a1 a1 
a1 a1 a1 a1 a1 
a1 a1 a1 a1 a1 
a1 a1 a2 a1 a2 
a1 a1 a1 a1 a2 

a1 a1 a1 a1 a1 
a1 a1 a1 a1 a1 
a1 a1 a1 a1 a1 
a1 a1 a2 a1 a2 
a1 a1 a1 a2 a1 

a1 a1 a1 a1 a1 
a1 a1 a1 a1 a1 
a1 a1 a1 a1 a1 
a1 a1 a2 a1 a2 
a1 a1 a1 a2 a2 

a1 a1 a1 a1 a1 
a1 a1 a1 a1 a1 
a1 a1 a1 a1 a1 
a1 a1 a2 a1 a2 
a1 a1 a2 a1 a1 

a1 a1 a1 a1 a1 
a1 a1 a1 a1 a1 
a1 a1 a1 a1 a1 
a1 a1 a2 a1 a2 
a1 a1 a2 a1 a2 

a1 a1 a1 a1 a1 
a1 a1 a1 a1 a1 
a1 a1 a1 a1 a1 
a1 a1 a2 a1 a2 
a1 a1 a2 a2 a1 

a1 a1 a1 a1 a1 
a1 a1 a1 a1 a1 
a1 a1 a1 a1 a1 
a1 a1 a2 a1 a2 
a1 a1 a2 a2 a2 

a1 a1 a1 a1 a1 
a1 a1 a1 a1 a1 
a1 a1 a1 a1 a1 
a1 a1 a2 a1 a4 
a1 a1 a3 a1 a5 

a1 a1 a1 a1 a1 
a1 a1 a1 a1 a1 
a1 a1 a1 a1 a1 
a1 a1 a2 a1 a4 
a1 a2 a3 a4 a5 

a1 a1 a1 a1 a1 
a1 a1 a1 a1 a1 
a1 a1 a1 a1 a1 
a1 a1 a2 a2 a1 
a1 a1 a1 a1 a1 

a1 a1 a1 a1 a1 
a1 a1 a1 a1 a1 
a1 a1 a1 a1 a1 
a1 a1 a2 a2 a1 
a1 a1 a1 a1 a2 

a1 a1 a1 a1 a1 
a1 a1 a1 a1 a1 
a1 a1 a1 a1 a1 
a1 a1 a2 a2 a1 
a1 a1 a1 a1 a5 

a1 a1 a1 a1 a1 
a1 a1 a1 a1 a1 
a1 a1 a1 a1 a1 
a1 a1 a2 a2 a1 
a1 a1 a1 a2 a1 

a1 a1 a1 a1 a1 
a1 a1 a1 a1 a1 
a1 a1 a1 a1 a1 
a1 a1 a2 a2 a1 
a1 a1 a1 a2 a2 

a1 a1 a1 a1 a1 
a1 a1 a1 a1 a1 
a1 a1 a1 a1 a1 
a1 a1 a2 a2 a1 
a1 a1 a2 a1 a1 

a1 a1 a1 a1 a1 
a1 a1 a1 a1 a1 
a1 a1 a1 a1 a1 
a1 a1 a2 a2 a1 
a1 a1 a2 a1 a2 

a1 a1 a1 a1 a1 
a1 a1 a1 a1 a1 
a1 a1 a1 a1 a1 
a1 a1 a2 a2 a1 
a1 a1 a2 a2 a1 

a1 a1 a1 a1 a1 
a1 a1 a1 a1 a1 
a1 a1 a1 a1 a1 
a1 a1 a2 a2 a1 
a1 a1 a2 a2 a2 

a1 a1 a1 a1 a1 
a1 a1 a1 a1 a1 
a1 a1 a1 a1 a1 
a1 a1 a2 a2 a1 
a5 a5 a5 a5 a5 

a1 a1 a1 a1 a1 
a1 a1 a1 a1 a1 
a1 a1 a1 a1 a1 
a1 a1 a2 a2 a2 
a1 a1 a1 a1 a1 

a1 a1 a1 a1 a1 
a1 a1 a1 a1 a1 
a1 a1 a1 a1 a1 
a1 a1 a2 a2 a2 
a1 a1 a1 a1 a2 

a1 a1 a1 a1 a1 
a1 a1 a1 a1 a1 
a1 a1 a1 a1 a1 
a1 a1 a2 a2 a2 
a1 a1 a1 a2 a1 

a1 a1 a1 a1 a1 
a1 a1 a1 a1 a1 
a1 a1 a1 a1 a1 
a1 a1 a2 a2 a2 
a1 a1 a1 a2 a2 

a1 a1 a1 a1 a1 
a1 a1 a1 a1 a1 
a1 a1 a1 a1 a1 
a1 a1 a2 a2 a2 
a1 a1 a2 a1 a1 

a1 a1 a1 a1 a1 
a1 a1 a1 a1 a1 
a1 a1 a1 a1 a1 
a1 a1 a2 a2 a2 
a1 a1 a2 a1 a2 

a1 a1 a1 a1 a1 
a1 a1 a1 a1 a1 
a1 a1 a1 a1 a1 
a1 a1 a2 a2 a2 
a1 a1 a2 a2 a1 

a1 a1 a1 a1 a1 
a1 a1 a1 a1 a1 
a1 a1 a1 a1 a1 
a1 a1 a2 a2 a2 
a1 a1 a2 a2 a2 

a1 a1 a1 a1 a1 
a1 a1 a1 a1 a1 
a1 a1 a1 a1 a1 
a1 a1 a2 a5 a1 
a1 a1 a1 a1 a1 

a1 a1 a1 a1 a1 
a1 a1 a1 a1 a1 
a1 a1 a1 a1 a1 
a1 a1 a2 a5 a2 
a1 a1 a1 a2 a1 

a1 a1 a1 a1 a1 
a1 a1 a1 a1 a1 
a1 a1 a1 a1 a1 
a1 a1 a2 a5 a5 
a1 a1 a1 a5 a5 

a1 a1 a1 a1 a1 
a1 a1 a1 a1 a1 
a1 a1 a1 a1 a1 
a1 a1 a3 a4 a1 
a1 a1 a1 a1 a1 

a1 a1 a1 a1 a1 
a1 a1 a1 a1 a1 
a1 a1 a1 a1 a1 
a1 a1 a3 a4 a1 
a1 a1 a1 a1 a2 

a1 a1 a1 a1 a1 
a1 a1 a1 a1 a1 
a1 a1 a1 a1 a1 
a1 a1 a3 a4 a1 
a1 a1 a1 a1 a5 

a1 a1 a1 a1 a1 
a1 a1 a1 a1 a1 
a1 a1 a1 a1 a1 
a1 a1 a3 a4 a1 
a1 a1 a1 a5 a1 

a1 a1 a1 a1 a1 
a1 a1 a1 a1 a1 
a1 a1 a1 a1 a1 
a1 a1 a3 a4 a1 
a1 a1 a2 a5 a1 

a1 a1 a1 a1 a1 
a1 a1 a1 a1 a1 
a1 a1 a1 a1 a1 
a1 a1 a3 a4 a1 
a1 a2 a1 a1 a5 

a1 a1 a1 a1 a1 
a1 a1 a1 a1 a1 
a1 a1 a1 a1 a1 
a1 a1 a3 a4 a1 
a5 a5 a5 a5 a5 

a1 a1 a1 a1 a1 
a1 a1 a1 a1 a1 
a1 a1 a1 a1 a1 
a1 a1 a3 a4 a3 
a1 a1 a1 a1 a1 

a1 a1 a1 a1 a1 
a1 a1 a1 a1 a1 
a1 a1 a1 a1 a1 
a1 a1 a3 a4 a3 
a1 a1 a1 a1 a2 

a1 a1 a1 a1 a1 
a1 a1 a1 a1 a1 
a1 a1 a1 a1 a1 
a1 a1 a3 a4 a4 
a1 a1 a3 a4 a4 

a1 a1 a1 a1 a1 
a1 a1 a1 a1 a1 
a1 a1 a1 a1 a1 
a1 a1 a3 a4 a4 
a1 a1 a3 a4 a5 

a1 a1 a1 a1 a1 
a1 a1 a1 a1 a1 
a1 a1 a1 a1 a1 
a1 a1 a3 a4 a4 
a1 a1 a3 a5 a5 

a1 a1 a1 a1 a1 
a1 a1 a1 a1 a1 
a1 a1 a1 a1 a1 
a1 a1 a3 a4 a4 
a1 a2 a3 a4 a5 

a1 a1 a1 a1 a1 
a1 a1 a1 a1 a1 
a1 a1 a1 a1 a1 
a1 a1 a3 a4 a5 
a1 a1 a1 a1 a1 

a1 a1 a1 a1 a1 
a1 a1 a1 a1 a1 
a1 a1 a1 a1 a1 
a1 a1 a3 a4 a5 
a1 a1 a1 a5 a1 

a1 a1 a1 a1 a1 
a1 a1 a1 a1 a1 
a1 a1 a1 a1 a1 
a1 a1 a3 a4 a5 
a1 a1 a1 a5 a5 

a1 a1 a1 a1 a1 
a1 a1 a1 a1 a1 
a1 a1 a1 a1 a1 
a1 a1 a3 a4 a5 
a1 a1 a3 a4 a5 

a1 a1 a1 a1 a1 
a1 a1 a1 a1 a1 
a1 a1 a1 a1 a1 
a1 a1 a3 a4 a5 
a1 a1 a3 a5 a4 

a1 a1 a1 a1 a1 
a1 a1 a1 a1 a1 
a1 a1 a1 a1 a1 
a1 a1 a3 a4 a5 
a1 a1 a3 a5 a5 

a1 a1 a1 a1 a1 
a1 a1 a1 a1 a1 
a1 a1 a1 a1 a1 
a1 a1 a3 a4 a5 
a1 a3 a1 a1 a1 

a1 a1 a1 a1 a1 
a1 a1 a1 a1 a1 
a1 a1 a1 a1 a1 
a1 a1 a3 a4 a5 
a1 a3 a3 a4 a5 

a1 a1 a1 a1 a1 
a1 a1 a1 a1 a1 
a1 a1 a1 a1 a1 
a1 a1 a3 a4 a5 
a5 a5 a5 a5 a5 

a1 a1 a1 a1 a1 
a1 a1 a1 a1 a1 
a1 a1 a1 a1 a1 
a1 a1 a3 a5 a4 
a1 a1 a3 a4 a5 

a1 a1 a1 a1 a1 
a1 a1 a1 a1 a1 
a1 a1 a1 a1 a1 
a1 a1 a3 a5 a5 
a1 a1 a3 a5 a5 

a1 a1 a1 a1 a1 
a1 a1 a1 a1 a1 
a1 a1 a1 a1 a1 
a1 a1 a5 a1 a1 
a1 a1 a1 a1 a1 

a1 a1 a1 a1 a1 
a1 a1 a1 a1 a1 
a1 a1 a1 a1 a1 
a1 a1 a5 a2 a1 
a1 a1 a1 a1 a1 

a1 a1 a1 a1 a1 
a1 a1 a1 a1 a1 
a1 a1 a1 a1 a1 
a1 a1 a5 a4 a5 
a1 a1 a1 a1 a1 

a1 a1 a1 a1 a1 
a1 a1 a1 a1 a1 
a1 a1 a1 a1 a1 
a1 a1 a5 a5 a1 
a1 a1 a1 a1 a1 

a1 a1 a1 a1 a1 
a1 a1 a1 a1 a1 
a1 a1 a1 a1 a1 
a1 a2 a1 a4 a1 
a1 a1 a1 a1 a1 

a1 a1 a1 a1 a1 
a1 a1 a1 a1 a1 
a1 a1 a1 a1 a1 
a1 a2 a1 a4 a1 
a1 a1 a1 a1 a3 

a1 a1 a1 a1 a1 
a1 a1 a1 a1 a1 
a1 a1 a1 a1 a1 
a1 a2 a1 a4 a1 
a1 a1 a1 a1 a5 

a1 a1 a1 a1 a1 
a1 a1 a1 a1 a1 
a1 a1 a1 a1 a1 
a1 a2 a1 a4 a1 
a1 a1 a1 a5 a1 

a1 a1 a1 a1 a1 
a1 a1 a1 a1 a1 
a1 a1 a1 a1 a1 
a1 a2 a1 a4 a1 
a1 a1 a3 a1 a5 

a1 a1 a1 a1 a1 
a1 a1 a1 a1 a1 
a1 a1 a1 a1 a1 
a1 a2 a1 a4 a1 
a1 a3 a1 a5 a1 

a1 a1 a1 a1 a1 
a1 a1 a1 a1 a1 
a1 a1 a1 a1 a1 
a1 a2 a1 a4 a1 
a5 a5 a5 a5 a5 

a1 a1 a1 a1 a1 
a1 a1 a1 a1 a1 
a1 a1 a1 a1 a1 
a1 a2 a1 a4 a2 
a1 a1 a1 a1 a1 

a1 a1 a1 a1 a1 
a1 a1 a1 a1 a1 
a1 a1 a1 a1 a1 
a1 a2 a1 a4 a2 
a1 a1 a1 a1 a3 

a1 a1 a1 a1 a1 
a1 a1 a1 a1 a1 
a1 a1 a1 a1 a1 
a1 a2 a1 a4 a4 
a1 a2 a1 a4 a4 

a1 a1 a1 a1 a1 
a1 a1 a1 a1 a1 
a1 a1 a1 a1 a1 
a1 a2 a1 a4 a4 
a1 a2 a1 a4 a5 

a1 a1 a1 a1 a1 
a1 a1 a1 a1 a1 
a1 a1 a1 a1 a1 
a1 a2 a1 a4 a4 
a1 a2 a1 a5 a5 

a1 a1 a1 a1 a1 
a1 a1 a1 a1 a1 
a1 a1 a1 a1 a1 
a1 a2 a1 a4 a4 
a1 a2 a3 a4 a5 

a1 a1 a1 a1 a1 
a1 a1 a1 a1 a1 
a1 a1 a1 a1 a1 
a1 a2 a1 a4 a5 
a1 a1 a1 a1 a1 

a1 a1 a1 a1 a1 
a1 a1 a1 a1 a1 
a1 a1 a1 a1 a1 
a1 a2 a1 a4 a5 
a1 a1 a1 a5 a1 

a1 a1 a1 a1 a1 
a1 a1 a1 a1 a1 
a1 a1 a1 a1 a1 
a1 a2 a1 a4 a5 
a1 a1 a1 a5 a5 

a1 a1 a1 a1 a1 
a1 a1 a1 a1 a1 
a1 a1 a1 a1 a1 
a1 a2 a1 a4 a5 
a1 a1 a2 a1 a1 

a1 a1 a1 a1 a1 
a1 a1 a1 a1 a1 
a1 a1 a1 a1 a1 
a1 a2 a1 a4 a5 
a1 a2 a1 a4 a5 

a1 a1 a1 a1 a1 
a1 a1 a1 a1 a1 
a1 a1 a1 a1 a1 
a1 a2 a1 a4 a5 
a1 a2 a1 a5 a4 

a1 a1 a1 a1 a1 
a1 a1 a1 a1 a1 
a1 a1 a1 a1 a1 
a1 a2 a1 a4 a5 
a1 a2 a1 a5 a5 

a1 a1 a1 a1 a1 
a1 a1 a1 a1 a1 
a1 a1 a1 a1 a1 
a1 a2 a1 a4 a5 
a1 a2 a2 a4 a5 

a1 a1 a1 a1 a1 
a1 a1 a1 a1 a1 
a1 a1 a1 a1 a1 
a1 a2 a1 a4 a5 
a5 a5 a5 a5 a5 

a1 a1 a1 a1 a1 
a1 a1 a1 a1 a1 
a1 a1 a1 a1 a1 
a1 a2 a1 a5 a4 
a1 a2 a1 a4 a5 

a1 a1 a1 a1 a1 
a1 a1 a1 a1 a1 
a1 a1 a1 a1 a1 
a1 a2 a1 a5 a5 
a1 a2 a1 a5 a5 

a1 a1 a1 a1 a1 
a1 a1 a1 a1 a1 
a1 a1 a1 a1 a1 
a1 a2 a2 a4 a1 
a1 a1 a1 a1 a1 

a1 a1 a1 a1 a1 
a1 a1 a1 a1 a1 
a1 a1 a1 a1 a1 
a1 a2 a2 a4 a1 
a1 a1 a1 a1 a5 

a1 a1 a1 a1 a1 
a1 a1 a1 a1 a1 
a1 a1 a1 a1 a1 
a1 a2 a2 a4 a1 
a1 a1 a1 a5 a1 

a1 a1 a1 a1 a1 
a1 a1 a1 a1 a1 
a1 a1 a1 a1 a1 
a1 a2 a2 a4 a1 
a5 a5 a5 a5 a5 

a1 a1 a1 a1 a1 
a1 a1 a1 a1 a1 
a1 a1 a1 a1 a1 
a1 a2 a2 a4 a2 
a1 a1 a1 a1 a1 

a1 a1 a1 a1 a1 
a1 a1 a1 a1 a1 
a1 a1 a1 a1 a1 
a1 a2 a2 a4 a4 
a1 a2 a2 a4 a4 

a1 a1 a1 a1 a1 
a1 a1 a1 a1 a1 
a1 a1 a1 a1 a1 
a1 a2 a2 a4 a4 
a1 a2 a2 a4 a5 

a1 a1 a1 a1 a1 
a1 a1 a1 a1 a1 
a1 a1 a1 a1 a1 
a1 a2 a2 a4 a4 
a1 a2 a2 a5 a5 

a1 a1 a1 a1 a1 
a1 a1 a1 a1 a1 
a1 a1 a1 a1 a1 
a1 a2 a2 a4 a4 
a1 a2 a3 a4 a5 

a1 a1 a1 a1 a1 
a1 a1 a1 a1 a1 
a1 a1 a1 a1 a1 
a1 a2 a2 a4 a4 
a1 a3 a3 a5 a5 

a1 a1 a1 a1 a1 
a1 a1 a1 a1 a1 
a1 a1 a1 a1 a1 
a1 a2 a2 a4 a5 
a1 a1 a1 a1 a1 

a1 a1 a1 a1 a1 
a1 a1 a1 a1 a1 
a1 a1 a1 a1 a1 
a1 a2 a2 a4 a5 
a1 a1 a1 a5 a1 

a1 a1 a1 a1 a1 
a1 a1 a1 a1 a1 
a1 a1 a1 a1 a1 
a1 a2 a2 a4 a5 
a1 a1 a1 a5 a5 

a1 a1 a1 a1 a1 
a1 a1 a1 a1 a1 
a1 a1 a1 a1 a1 
a1 a2 a2 a4 a5 
a1 a1 a2 a1 a1 

a1 a1 a1 a1 a1 
a1 a1 a1 a1 a1 
a1 a1 a1 a1 a1 
a1 a2 a2 a4 a5 
a1 a2 a1 a4 a5 

a1 a1 a1 a1 a1 
a1 a1 a1 a1 a1 
a1 a1 a1 a1 a1 
a1 a2 a2 a4 a5 
a1 a2 a2 a4 a5 

a1 a1 a1 a1 a1 
a1 a1 a1 a1 a1 
a1 a1 a1 a1 a1 
a1 a2 a2 a4 a5 
a1 a2 a2 a5 a4 

a1 a1 a1 a1 a1 
a1 a1 a1 a1 a1 
a1 a1 a1 a1 a1 
a1 a2 a2 a4 a5 
a1 a2 a2 a5 a5 

a1 a1 a1 a1 a1 
a1 a1 a1 a1 a1 
a1 a1 a1 a1 a1 
a1 a2 a2 a4 a5 
a5 a5 a5 a5 a5 

a1 a1 a1 a1 a1 
a1 a1 a1 a1 a1 
a1 a1 a1 a1 a1 
a1 a2 a2 a5 a4 
a1 a2 a2 a4 a5 

a1 a1 a1 a1 a1 
a1 a1 a1 a1 a1 
a1 a1 a1 a1 a1 
a1 a2 a2 a5 a5 
a1 a2 a2 a5 a5 

a1 a1 a1 a1 a1 
a1 a1 a1 a1 a1 
a1 a1 a1 a1 a1 
a1 a2 a3 a4 a1 
a1 a1 a1 a1 a1 

a1 a1 a1 a1 a1 
a1 a1 a1 a1 a1 
a1 a1 a1 a1 a1 
a1 a2 a3 a4 a1 
a1 a1 a1 a1 a5 

a1 a1 a1 a1 a1 
a1 a1 a1 a1 a1 
a1 a1 a1 a1 a1 
a1 a2 a3 a4 a1 
a1 a1 a1 a5 a1 

a1 a1 a1 a1 a1 
a1 a1 a1 a1 a1 
a1 a1 a1 a1 a1 
a1 a2 a3 a4 a1 
a5 a5 a5 a5 a5 

a1 a1 a1 a1 a1 
a1 a1 a1 a1 a1 
a1 a1 a1 a1 a1 
a1 a2 a3 a4 a2 
a1 a1 a1 a1 a1 

a1 a1 a1 a1 a1 
a1 a1 a1 a1 a1 
a1 a1 a1 a1 a1 
a1 a2 a3 a4 a3 
a1 a1 a1 a1 a1 

a1 a1 a1 a1 a1 
a1 a1 a1 a1 a1 
a1 a1 a1 a1 a1 
a1 a2 a3 a4 a4 
a1 a2 a3 a4 a4 

a1 a1 a1 a1 a1 
a1 a1 a1 a1 a1 
a1 a1 a1 a1 a1 
a1 a2 a3 a4 a4 
a1 a2 a3 a4 a5 

a1 a1 a1 a1 a1 
a1 a1 a1 a1 a1 
a1 a1 a1 a1 a1 
a1 a2 a3 a4 a4 
a1 a2 a3 a5 a5 

a1 a1 a1 a1 a1 
a1 a1 a1 a1 a1 
a1 a1 a1 a1 a1 
a1 a2 a3 a4 a5 
a1 a1 a1 a1 a1 

a1 a1 a1 a1 a1 
a1 a1 a1 a1 a1 
a1 a1 a1 a1 a1 
a1 a2 a3 a4 a5 
a1 a1 a1 a5 a1 

a1 a1 a1 a1 a1 
a1 a1 a1 a1 a1 
a1 a1 a1 a1 a1 
a1 a2 a3 a4 a5 
a1 a1 a1 a5 a5 

a1 a1 a1 a1 a1 
a1 a1 a1 a1 a1 
a1 a1 a1 a1 a1 
a1 a2 a3 a4 a5 
a1 a1 a2 a5 a1 

a1 a1 a1 a1 a1 
a1 a1 a1 a1 a1 
a1 a1 a1 a1 a1 
a1 a2 a3 a4 a5 
a1 a1 a3 a5 a5 

a1 a1 a1 a1 a1 
a1 a1 a1 a1 a1 
a1 a1 a1 a1 a1 
a1 a2 a3 a4 a5 
a1 a2 a1 a5 a5 

a1 a1 a1 a1 a1 
a1 a1 a1 a1 a1 
a1 a1 a1 a1 a1 
a1 a2 a3 a4 a5 
a1 a2 a2 a5 a5 

a1 a1 a1 a1 a1 
a1 a1 a1 a1 a1 
a1 a1 a1 a1 a1 
a1 a2 a3 a4 a5 
a1 a2 a3 a4 a5 

a1 a1 a1 a1 a1 
a1 a1 a1 a1 a1 
a1 a1 a1 a1 a1 
a1 a2 a3 a4 a5 
a1 a2 a3 a5 a4 

a1 a1 a1 a1 a1 
a1 a1 a1 a1 a1 
a1 a1 a1 a1 a1 
a1 a2 a3 a4 a5 
a1 a2 a3 a5 a5 

a1 a1 a1 a1 a1 
a1 a1 a1 a1 a1 
a1 a1 a1 a1 a1 
a1 a2 a3 a4 a5 
a1 a3 a1 a5 a1 

a1 a1 a1 a1 a1 
a1 a1 a1 a1 a1 
a1 a1 a1 a1 a1 
a1 a2 a3 a4 a5 
a1 a3 a2 a5 a4 

a1 a1 a1 a1 a1 
a1 a1 a1 a1 a1 
a1 a1 a1 a1 a1 
a1 a2 a3 a4 a5 
a1 a3 a3 a5 a5 

a1 a1 a1 a1 a1 
a1 a1 a1 a1 a1 
a1 a1 a1 a1 a1 
a1 a2 a3 a4 a5 
a5 a5 a5 a5 a5 

a1 a1 a1 a1 a1 
a1 a1 a1 a1 a1 
a1 a1 a1 a1 a1 
a1 a2 a3 a5 a4 
a1 a2 a3 a4 a5 

a1 a1 a1 a1 a1 
a1 a1 a1 a1 a1 
a1 a1 a1 a1 a1 
a1 a2 a3 a5 a5 
a1 a2 a3 a5 a5 

a1 a1 a1 a1 a1 
a1 a1 a1 a1 a1 
a1 a1 a1 a1 a1 
a1 a2 a5 a4 a5 
a1 a1 a1 a1 a1 

a1 a1 a1 a1 a1 
a1 a1 a1 a1 a1 
a1 a1 a1 a1 a1 
a1 a3 a1 a1 a1 
a1 a1 a1 a1 a1 

a1 a1 a1 a1 a1 
a1 a1 a1 a1 a1 
a1 a1 a1 a1 a1 
a1 a3 a1 a1 a1 
a1 a1 a1 a1 a3 

a1 a1 a1 a1 a1 
a1 a1 a1 a1 a1 
a1 a1 a1 a1 a1 
a1 a3 a1 a1 a1 
a1 a1 a1 a1 a5 

a1 a1 a1 a1 a1 
a1 a1 a1 a1 a1 
a1 a1 a1 a1 a1 
a1 a3 a1 a1 a1 
a1 a1 a1 a3 a1 

a1 a1 a1 a1 a1 
a1 a1 a1 a1 a1 
a1 a1 a1 a1 a1 
a1 a3 a1 a1 a1 
a1 a1 a1 a3 a3 

a1 a1 a1 a1 a1 
a1 a1 a1 a1 a1 
a1 a1 a1 a1 a1 
a1 a3 a1 a1 a1 
a1 a1 a3 a4 a5 

a1 a1 a1 a1 a1 
a1 a1 a1 a1 a1 
a1 a1 a1 a1 a1 
a1 a3 a1 a1 a1 
a1 a3 a1 a1 a1 

a1 a1 a1 a1 a1 
a1 a1 a1 a1 a1 
a1 a1 a1 a1 a1 
a1 a3 a1 a1 a1 
a1 a3 a1 a1 a3 

a1 a1 a1 a1 a1 
a1 a1 a1 a1 a1 
a1 a1 a1 a1 a1 
a1 a3 a1 a1 a1 
a1 a3 a1 a3 a1 

a1 a1 a1 a1 a1 
a1 a1 a1 a1 a1 
a1 a1 a1 a1 a1 
a1 a3 a1 a1 a1 
a1 a3 a1 a3 a3 

a1 a1 a1 a1 a1 
a1 a1 a1 a1 a1 
a1 a1 a1 a1 a1 
a1 a3 a1 a1 a1 
a1 a3 a3 a4 a5 

a1 a1 a1 a1 a1 
a1 a1 a1 a1 a1 
a1 a1 a1 a1 a1 
a1 a3 a1 a1 a1 
a5 a5 a5 a5 a5 

a1 a1 a1 a1 a1 
a1 a1 a1 a1 a1 
a1 a1 a1 a1 a1 
a1 a3 a1 a1 a3 
a1 a1 a1 a1 a1 

a1 a1 a1 a1 a1 
a1 a1 a1 a1 a1 
a1 a1 a1 a1 a1 
a1 a3 a1 a1 a3 
a1 a1 a1 a1 a3 

a1 a1 a1 a1 a1 
a1 a1 a1 a1 a1 
a1 a1 a1 a1 a1 
a1 a3 a1 a1 a3 
a1 a1 a1 a3 a1 

a1 a1 a1 a1 a1 
a1 a1 a1 a1 a1 
a1 a1 a1 a1 a1 
a1 a3 a1 a1 a3 
a1 a1 a1 a3 a3 

a1 a1 a1 a1 a1 
a1 a1 a1 a1 a1 
a1 a1 a1 a1 a1 
a1 a3 a1 a1 a3 
a1 a3 a1 a1 a1 

a1 a1 a1 a1 a1 
a1 a1 a1 a1 a1 
a1 a1 a1 a1 a1 
a1 a3 a1 a1 a3 
a1 a3 a1 a1 a3 

a1 a1 a1 a1 a1 
a1 a1 a1 a1 a1 
a1 a1 a1 a1 a1 
a1 a3 a1 a1 a3 
a1 a3 a1 a3 a1 

a1 a1 a1 a1 a1 
a1 a1 a1 a1 a1 
a1 a1 a1 a1 a1 
a1 a3 a1 a1 a3 
a1 a3 a1 a3 a3 

a1 a1 a1 a1 a1 
a1 a1 a1 a1 a1 
a1 a1 a1 a1 a1 
a1 a3 a1 a1 a4 
a1 a2 a1 a1 a5 

a1 a1 a1 a1 a1 
a1 a1 a1 a1 a1 
a1 a1 a1 a1 a1 
a1 a3 a1 a1 a4 
a1 a2 a3 a4 a5 

a1 a1 a1 a1 a1 
a1 a1 a1 a1 a1 
a1 a1 a1 a1 a1 
a1 a3 a1 a3 a1 
a1 a1 a1 a1 a1 

a1 a1 a1 a1 a1 
a1 a1 a1 a1 a1 
a1 a1 a1 a1 a1 
a1 a3 a1 a3 a1 
a1 a1 a1 a1 a3 

a1 a1 a1 a1 a1 
a1 a1 a1 a1 a1 
a1 a1 a1 a1 a1 
a1 a3 a1 a3 a1 
a1 a1 a1 a1 a5 

a1 a1 a1 a1 a1 
a1 a1 a1 a1 a1 
a1 a1 a1 a1 a1 
a1 a3 a1 a3 a1 
a1 a1 a1 a3 a1 

a1 a1 a1 a1 a1 
a1 a1 a1 a1 a1 
a1 a1 a1 a1 a1 
a1 a3 a1 a3 a1 
a1 a1 a1 a3 a3 

a1 a1 a1 a1 a1 
a1 a1 a1 a1 a1 
a1 a1 a1 a1 a1 
a1 a3 a1 a3 a1 
a1 a3 a1 a1 a1 

a1 a1 a1 a1 a1 
a1 a1 a1 a1 a1 
a1 a1 a1 a1 a1 
a1 a3 a1 a3 a1 
a1 a3 a1 a1 a3 

a1 a1 a1 a1 a1 
a1 a1 a1 a1 a1 
a1 a1 a1 a1 a1 
a1 a3 a1 a3 a1 
a1 a3 a1 a3 a1 

a1 a1 a1 a1 a1 
a1 a1 a1 a1 a1 
a1 a1 a1 a1 a1 
a1 a3 a1 a3 a1 
a1 a3 a1 a3 a3 

a1 a1 a1 a1 a1 
a1 a1 a1 a1 a1 
a1 a1 a1 a1 a1 
a1 a3 a1 a3 a1 
a5 a5 a5 a5 a5 

a1 a1 a1 a1 a1 
a1 a1 a1 a1 a1 
a1 a1 a1 a1 a1 
a1 a3 a1 a3 a3 
a1 a1 a1 a1 a1 

a1 a1 a1 a1 a1 
a1 a1 a1 a1 a1 
a1 a1 a1 a1 a1 
a1 a3 a1 a3 a3 
a1 a1 a1 a1 a3 

a1 a1 a1 a1 a1 
a1 a1 a1 a1 a1 
a1 a1 a1 a1 a1 
a1 a3 a1 a3 a3 
a1 a1 a1 a3 a1 

a1 a1 a1 a1 a1 
a1 a1 a1 a1 a1 
a1 a1 a1 a1 a1 
a1 a3 a1 a3 a3 
a1 a1 a1 a3 a3 

a1 a1 a1 a1 a1 
a1 a1 a1 a1 a1 
a1 a1 a1 a1 a1 
a1 a3 a1 a3 a3 
a1 a3 a1 a1 a1 

a1 a1 a1 a1 a1 
a1 a1 a1 a1 a1 
a1 a1 a1 a1 a1 
a1 a3 a1 a3 a3 
a1 a3 a1 a1 a3 

a1 a1 a1 a1 a1 
a1 a1 a1 a1 a1 
a1 a1 a1 a1 a1 
a1 a3 a1 a3 a3 
a1 a3 a1 a3 a1 

a1 a1 a1 a1 a1 
a1 a1 a1 a1 a1 
a1 a1 a1 a1 a1 
a1 a3 a1 a3 a3 
a1 a3 a1 a3 a3 

a1 a1 a1 a1 a1 
a1 a1 a1 a1 a1 
a1 a1 a1 a1 a1 
a1 a3 a1 a5 a1 
a1 a1 a1 a1 a1 

a1 a1 a1 a1 a1 
a1 a1 a1 a1 a1 
a1 a1 a1 a1 a1 
a1 a3 a1 a5 a3 
a1 a1 a1 a3 a1 

a1 a1 a1 a1 a1 
a1 a1 a1 a1 a1 
a1 a1 a1 a1 a1 
a1 a3 a1 a5 a5 
a1 a1 a1 a5 a5 

a1 a1 a1 a1 a1 
a1 a1 a1 a1 a1 
a1 a1 a1 a1 a1 
a1 a3 a2 a5 a4 
a1 a2 a3 a4 a5 

a1 a1 a1 a1 a1 
a1 a1 a1 a1 a1 
a1 a1 a1 a1 a1 
a1 a3 a3 a4 a1 
a1 a1 a1 a1 a1 

a1 a1 a1 a1 a1 
a1 a1 a1 a1 a1 
a1 a1 a1 a1 a1 
a1 a3 a3 a4 a1 
a1 a1 a1 a1 a5 

a1 a1 a1 a1 a1 
a1 a1 a1 a1 a1 
a1 a1 a1 a1 a1 
a1 a3 a3 a4 a1 
a1 a1 a1 a5 a1 

a1 a1 a1 a1 a1 
a1 a1 a1 a1 a1 
a1 a1 a1 a1 a1 
a1 a3 a3 a4 a1 
a5 a5 a5 a5 a5 

a1 a1 a1 a1 a1 
a1 a1 a1 a1 a1 
a1 a1 a1 a1 a1 
a1 a3 a3 a4 a3 
a1 a1 a1 a1 a1 

a1 a1 a1 a1 a1 
a1 a1 a1 a1 a1 
a1 a1 a1 a1 a1 
a1 a3 a3 a4 a4 
a1 a2 a2 a5 a5 

a1 a1 a1 a1 a1 
a1 a1 a1 a1 a1 
a1 a1 a1 a1 a1 
a1 a3 a3 a4 a4 
a1 a2 a3 a4 a5 

a1 a1 a1 a1 a1 
a1 a1 a1 a1 a1 
a1 a1 a1 a1 a1 
a1 a3 a3 a4 a4 
a1 a3 a3 a4 a4 

a1 a1 a1 a1 a1 
a1 a1 a1 a1 a1 
a1 a1 a1 a1 a1 
a1 a3 a3 a4 a4 
a1 a3 a3 a4 a5 

a1 a1 a1 a1 a1 
a1 a1 a1 a1 a1 
a1 a1 a1 a1 a1 
a1 a3 a3 a4 a4 
a1 a3 a3 a5 a5 

a1 a1 a1 a1 a1 
a1 a1 a1 a1 a1 
a1 a1 a1 a1 a1 
a1 a3 a3 a4 a5 
a1 a1 a1 a1 a1 

a1 a1 a1 a1 a1 
a1 a1 a1 a1 a1 
a1 a1 a1 a1 a1 
a1 a3 a3 a4 a5 
a1 a1 a1 a5 a1 

a1 a1 a1 a1 a1 
a1 a1 a1 a1 a1 
a1 a1 a1 a1 a1 
a1 a3 a3 a4 a5 
a1 a1 a1 a5 a5 

a1 a1 a1 a1 a1 
a1 a1 a1 a1 a1 
a1 a1 a1 a1 a1 
a1 a3 a3 a4 a5 
a1 a1 a3 a4 a5 

a1 a1 a1 a1 a1 
a1 a1 a1 a1 a1 
a1 a1 a1 a1 a1 
a1 a3 a3 a4 a5 
a1 a3 a1 a1 a1 

a1 a1 a1 a1 a1 
a1 a1 a1 a1 a1 
a1 a1 a1 a1 a1 
a1 a3 a3 a4 a5 
a1 a3 a3 a4 a5 

a1 a1 a1 a1 a1 
a1 a1 a1 a1 a1 
a1 a1 a1 a1 a1 
a1 a3 a3 a4 a5 
a1 a3 a3 a5 a4 

a1 a1 a1 a1 a1 
a1 a1 a1 a1 a1 
a1 a1 a1 a1 a1 
a1 a3 a3 a4 a5 
a1 a3 a3 a5 a5 

a1 a1 a1 a1 a1 
a1 a1 a1 a1 a1 
a1 a1 a1 a1 a1 
a1 a3 a3 a4 a5 
a5 a5 a5 a5 a5 

a1 a1 a1 a1 a1 
a1 a1 a1 a1 a1 
a1 a1 a1 a1 a1 
a1 a3 a3 a5 a4 
a1 a3 a3 a4 a5 

a1 a1 a1 a1 a1 
a1 a1 a1 a1 a1 
a1 a1 a1 a1 a1 
a1 a3 a3 a5 a5 
a1 a3 a3 a5 a5 

a1 a1 a1 a1 a1 
a1 a1 a1 a1 a1 
a1 a1 a1 a1 a1 
a1 a5 a1 a1 a1 
a1 a1 a1 a1 a1 

a1 a1 a1 a1 a1 
a1 a1 a1 a1 a1 
a1 a1 a1 a1 a1 
a1 a5 a1 a3 a1 
a1 a1 a1 a1 a1 

a1 a1 a1 a1 a1 
a1 a1 a1 a1 a1 
a1 a1 a1 a1 a1 
a1 a5 a1 a4 a5 
a1 a1 a1 a1 a1 

a1 a1 a1 a1 a1 
a1 a1 a1 a1 a1 
a1 a1 a1 a1 a1 
a1 a5 a1 a5 a1 
a1 a1 a1 a1 a1 

a1 a1 a1 a1 a1 
a1 a1 a1 a1 a1 
a1 a1 a1 a1 a1 
a1 a5 a3 a4 a5 
a1 a1 a1 a1 a1 

a1 a1 a1 a1 a1 
a1 a1 a1 a1 a1 
a1 a1 a1 a1 a1 
a1 a5 a5 a1 a1 
a1 a1 a1 a1 a1 

a1 a1 a1 a1 a1 
a1 a1 a1 a1 a1 
a1 a1 a1 a1 a1 
a1 a5 a5 a4 a5 
a1 a1 a1 a1 a1 

a1 a1 a1 a1 a1 
a1 a1 a1 a1 a1 
a1 a1 a1 a1 a1 
a1 a5 a5 a5 a1 
a1 a1 a1 a1 a1 

