The number of bases of the vector space (Z2)^1 over Z2 is 1

The vectors of each such basis are :

[[1]]
